// Jest Snapshot v1, https://goo.gl/fbAQLP

exports[`nba successful calls return success when fetching the achievements and returns the correct result 1`] = `
Object {
  "data": Object {
    "result": "000200e4000000000000000000000000163883263274e8Ef6332cFa84F35B23c6C51dF7266a57e970000000000000000000000000000000000000000000000000000000000000002000000000000000000000000000000000000000000000000000000000000006000000000000000000000000000000000000000000000000000000000000000a0000000000000000000000000000000000000000000000000000000000000000100000000000000000000000000000000000000000000000000000000000000010000000000000000000000000000000000000000000000000000000000000001000000000000000000000000000000000000000000000000000000000000000100e4000000000000000000000000163883263274e8Ef6332cFa84F35B23c6C51dF7266a57e97000000000000000000000000000000000000000000000000000000000000000f000000000000000000000000000000000000000000000000000000000000006000000000000000000000000000000000000000000000000000000000000000a0000000000000000000000000000000000000000000000000000000000000000100000000000000000000000000000000000000000000000000000000000000030000000000000000000000000000000000000000000000000000000000000001000000000000000000000000000000000000000000000000000000000000000500",
  },
  "jobRunID": "1",
  "result": "000200e4000000000000000000000000163883263274e8Ef6332cFa84F35B23c6C51dF7266a57e970000000000000000000000000000000000000000000000000000000000000002000000000000000000000000000000000000000000000000000000000000006000000000000000000000000000000000000000000000000000000000000000a0000000000000000000000000000000000000000000000000000000000000000100000000000000000000000000000000000000000000000000000000000000010000000000000000000000000000000000000000000000000000000000000001000000000000000000000000000000000000000000000000000000000000000100e4000000000000000000000000163883263274e8Ef6332cFa84F35B23c6C51dF7266a57e97000000000000000000000000000000000000000000000000000000000000000f000000000000000000000000000000000000000000000000000000000000006000000000000000000000000000000000000000000000000000000000000000a0000000000000000000000000000000000000000000000000000000000000000100000000000000000000000000000000000000000000000000000000000000030000000000000000000000000000000000000000000000000000000000000001000000000000000000000000000000000000000000000000000000000000000500",
  "statusCode": 200,
}
`;
